Zilog Macro Assembler.  Version K2.14    09-May-120    02:06:27    Page:    1


c:\users\john bradley\dropbox\ace-2019\newrom\ctc.asm

Location Object              Type  Line Source
                             A        1 	INCLUDE "iodefs.inc"
                   00003C00  B        1 RAMSTARTLOC equ  03C00h
                             B        2 
                             B        3 	CPU = Z180
                             B        4 
                   00001F00  B        5 INTTABLEBASE	equ	01F00h
                             B        6 
                             B        7 
                   000000FC  B        8 KIOBASE	equ	0FCh
                             B        9 
                   00000000  B       10 PIOIOBASE	equ	00B
                   00000001  B       11 CTCIOBASE	equ	01B
                   00000002  B       12 SIOIOBASE	equ	10B
                   00000003  B       13 PIAIOBASE	equ	11B
                   00000003  B       14 KIOIOBASE	equ	11B
                             B       15 
                   00000000  B       16 PIOPORTADATA	equ	00b
                   00000001  B       17 PIOPORTACMD		equ	01b
                   00000000  B       18 PIOPORTBDATA	equ	00b
                   00000001  B       19 PIOPORTBCMD		equ	01b
                             B       20 
                   00000000  B       21 CTCCHANNEL0		equ	00b
                   00000001  B       22 CTCCHANNEL1		equ	01b
                   00000002  B       23 CTCCHANNEL2		equ	10b
                   00000003  B       24 CTCCHANNEL3		equ	11b
                             B       25 
                   00000000  B       26 SIOPORTADATA	equ	00b
                   00000001  B       27 SIOPORTACMD		equ	01b
                   00000000  B       28 SIOPORTBDATA	equ	00b
                   00000001  B       29 SIOPORTBCMD		equ	01b
                             B       30 
                   00000000  B       31 PIAPORTCDATA	equ	00b
                   00000001  B       32 PIAPORTCCMD		equ	01b
                             B       33 
                   00000002  B       34 KIOCOMMANDA		equ	10b
                   00000003  B       35 KIOCOMMANDB		equ	11b
                             B       36 
                             B       37 MAKEPORT	MACRO	Name,Base,Device,Register
                             B       38 Name equ Base|(Device<<8)|(Register<<10)
                             B       39 	endmac 
                             B       40 
                             B       41 
                             B       42 	MAKEPORT PIOADATA,KIOBASE,PIOIOBASE,PIOPORTADATA
                   000000FC  B+      42 Name equ Base|(Device<<8)|(Register<<10)
                             B       43 	MAKEPORT PIOACMD,KIOBASE,PIOIOBASE,PIOPORTACMD
                   000004FC  B+      43 Name equ Base|(Device<<8)|(Register<<10)
                             B       44 	MAKEPORT PIOBDATA,KIOBASE,PIOIOBASE,PIOPORTBDATA
                   000000FC  B+      44 Name equ Base|(Device<<8)|(Register<<10)
                             B       45 	MAKEPORT PIOBCMD,KIOBASE,PIOIOBASE,PIOPORTBCMD
                   000004FC  B+      45 Name equ Base|(Device<<8)|(Register<<10)
                             B       46 
                             B       47 	MAKEPORT CTCCH0,KIOBASE,CTCIOBASE,CTCCHANNEL0
                   000001FC  B+      47 Name equ Base|(Device<<8)|(Register<<10)
                             B       48 	MAKEPORT CTCCH1,KIOBASE,CTCIOBASE,CTCCHANNEL1
                   000005FC  B+      48 Name equ Base|(Device<<8)|(Register<<10)
                             B       49 	MAKEPORT CTCCH2,KIOBASE,CTCIOBASE,CTCCHANNEL2
                   000009FC  B+      49 Name equ Base|(Device<<8)|(Register<<10)
                             B       50 	MAKEPORT CTCCH3,KIOBASE,CTCIOBASE,CTCCHANNEL3
Zilog Macro Assembler.  Version K2.14    09-May-120    02:06:27    Page:    2


iodefs.inc

Location Object              Type  Line Source
                   00000DFC  B+      50 Name equ Base|(Device<<8)|(Register<<10)
                             B       51 
                             B       52 	MAKEPORT SIOADATA,KIOBASE,SIOIOBASE,SIOPORTADATA
                   000002FC  B+      52 Name equ Base|(Device<<8)|(Register<<10)
                             B       53 	MAKEPORT SIOACMD,KIOBASE,SIOIOBASE,SIOPORTACMD
                   000006FC  B+      53 Name equ Base|(Device<<8)|(Register<<10)
                             B       54 	MAKEPORT SIOBDATA,KIOBASE,SIOIOBASE,SIOPORTBDATA
                   000002FC  B+      54 Name equ Base|(Device<<8)|(Register<<10)
                             B       55 	MAKEPORT SIOBCMD,KIOBASE,SIOIOBASE,SIOPORTBCMD
                   000006FC  B+      55 Name equ Base|(Device<<8)|(Register<<10)
                             B       56 
                             B       57 	MAKEPORT PIOCDATA,KIOBASE,PIAIOBASE,PIAPORTCDATA
                   000003FC  B+      57 Name equ Base|(Device<<8)|(Register<<10)
                             B       58 	MAKEPORT PIOCCMD,KIOBASE,PIAIOBASE,PIAPORTCCMD
                   000007FC  B+      58 Name equ Base|(Device<<8)|(Register<<10)
                             B       59 
                             B       60 	MAKEPORT KIOCMDA,KIOBASE,KIOIOBASE,KIOCOMMANDA
                   00000BFC  B+      60 Name equ Base|(Device<<8)|(Register<<10)
                             B       61 	MAKEPORT KIOCMDB,KIOBASE,KIOIOBASE,KIOCOMMANDB
                   00000FFC  B+      61 Name equ Base|(Device<<8)|(Register<<10)
                             B       62 
                             B       63 	
                   000000F0  B       64 WDTMT	equ	0F0h
                   000000F1  B       65 WDTCR	equ	0F1h
                             B       66 
                   000000F4  B       67 IPR		equ	0F4h
                             B       68 
                   000000EE  B       69 SCRP	equ	0EEh
                   000000EF  B       70 SCDP	equ	0EFh
                             B       71 
                   00000020  B       72 SERIALTXBUFFLEN	equ	020h	;must be power of 2
                             B       73 
                             B       74 DEFB MACRO P1
                             B       75 	DB P1
                             B       76 	MACEND
                             B       77 
                             B       78 DEFW MACRO P1
                             B       79 	DW P1
                             B       80 	MACEND
                             B       81 
                             B       82 DEFM MACRO P1
                             B       83 	DB P1
                             B       84 	MACEND
                             B       85 
                             B       86 
                             A        2 
                             A        3 	.DEFINE DEUCEROM
                             A        4 	.SECTION DEUCEROM
                             A        5 
                             A        6 
                             A        7 	PUBLIC CTC0INT,CTC1INT,CTC2INT,CTC3INT,INIT_CTC
                             A        8 
                             A        9 	EXTERN IM1INTHANDLER,FRAMES,SIOASendChar
                             A       10 
                   00000080  A       11 INTON	equ 10000000b
                   FFFFFF7F  A       12 INTOFF	equ ~INTON
                             A       13 
                   00000040  A       14 COUNTMODE	equ 01000000b
Zilog Macro Assembler.  Version K2.14    09-May-120    02:06:27    Page:    3


c:\users\john bradley\dropbox\ace-2019\newrom\ctc.asm

Location Object              Type  Line Source
                   FFFFFFBF  A       15 TIMEMODE	equ ~COUNTMODE
                             A       16 
                   00000020  A       17 PRE256	equ 00100000b
                   FFFFFFDF  A       18 PRE16	equ ~PRE256
                             A       19 
                   00000010  A       20 RISING	equ 00010000b
                   FFFFFFEF  A       21 FALLING	equ ~RISING
                             A       22 
                   00000008  A       23 PULSESTARTS	equ 00001000b
                   FFFFFFF7  A       24 LOADSTARTS	equ ~PULSESTARTS
                             A       25 
                   00000004  A       26 TIMECONST	equ 00000100b
                   FFFFFFFB  A       27 NOTIMECONST	equ ~TIMECONST
                             A       28 
                   00000002  A       29 RESET		equ 00000010b
                   FFFFFFFD  A       30 CONSTINU	equ ~RESET
                             A       31 
                   00000001  A       32 CONTROL		equ 00000001b
                   FFFFFFFE  A       33 VCTOR		equ ~CONTROL
                             A       34 
                             A       35 
00000000                     A       36 INIT_CTC:
00000000 3E 10               A       37 	ld	A,0  | (2<<3) ;use int 2,3,4,5
00000002 01 FC 01            A       38 	ld	BC,CTCCH0
00000005 ED 79               A       39 	out	(BC),A
                             A       40 
00000007 3E C9               A       41 	ld	A,11001001b
00000009 01 FC 01            A       42 	ld	BC,CTCCH0
0000000C ED 79               A       43 	out	(BC),A
                             A       44 
                             A       45 
0000000E 3E C9               A       46 	ld	A,11001001b
00000010 01 FC 05            A       47 	ld	BC,CTCCH1
00000013 ED 79               A       48 	out	(BC),A
                             A       49 
                             A       50 
00000015 3E C9               A       51 	ld	A,11001001b
00000017 01 FC 09            A       52 	ld	BC,CTCCH2
0000001A ED 79               A       53 	out	(BC),A
                             A       54 
0000001C                     A       55 INIT_CTC3:
                             A       56 
0000001C 3E 14               A       57 	ld	A,0|INTON&COUNTMODE|RISING|TIMECONST ;Set the CTC 3 to decrment when rising signal recived. Ints on. Time const follows
0000001E 01 FC 0D            A       58 	ld	BC,CTCCH3
00000021 ED 79               A       59 	out	(BC),A
                             A       60 
00000023 3E 01               A       61 	ld	A,0|00000001b ;Time Count this is the number of Trgs to receive before Int set to 1.
00000025 01 FC 0D            A       62 	ld	BC,CTCCH3
00000028 ED 79               A       63 	out	(BC),A
                             A       64 
0000002A C9                  A       65 	ret
                             A       66 
                             A       67 
0000002B                     A       68 CTC0INT:
                             A       69 ;	...	interrupt	routine
0000002B F3                  A       70 	di
0000002C F5                  A       71 	push af
0000002D F1                  A       72 	pop af
Zilog Macro Assembler.  Version K2.14    09-May-120    02:06:27    Page:    4


c:\users\john bradley\dropbox\ace-2019\newrom\ctc.asm

Location Object              Type  Line Source
0000002E FB                  A       73 	ei
0000002F ED 4D               A       74 	RETI
                             A       75 
00000031                     A       76 CTC1INT:
                             A       77 ;	...	interrupt	routine
00000031 F3                  A       78 	di
00000032 F5                  A       79 	push af
00000033 F1                  A       80 	pop af
00000034 FB                  A       81 	ei
00000035 ED 4D               A       82 	RETI
                             A       83 
00000037                     A       84 CTC2INT:
                             A       85 
00000037 F3                  A       86 	di
00000038 F5                  A       87 	push af
                             A       88 
00000039 F1                  A       89 	pop af
0000003A FB                  A       90 	ei
0000003B ED 4D               A       91 	RETI
                             A       92 
0000003D                     A       93 CTC3INT:
                             A       94 	;Set up to simulate IM 1
0000003D CD 00 00            A       95 	call IM1INTHANDLER  ;We call and then to a RETI as the RETI caulses inretupt chain reset.
00000040 F5                  A       96 	push	af
00000041 E5                  A       97 	push	hl
                             A       98 
00000042 21 00 00            A       99 	LD		HL,FRAMES				; FRAMES1
00000045 7E                  A      100 	LD		a,(HL)
00000046 20 1A               A      101 	jr 		nz,NOSEND
00000048 3E 58               A      102 	ld		a,'X'
0000004A CD 00 00            A      103 	call	SIOASendChar
                             A      104 
0000004D 2A 00 30            A      105 	ld		hl,(03000h)
00000050 36 2D               A      106 	ld		(hl),'-'
00000052 21 00 30            A      107 	ld		hl,03000h
00000055 34                  A      108 	inc		(hl)
00000056 3E FF               A      109 	ld		a,0FFh
00000058 A6                  A      110 	and		(hl)
00000059 20 02               A      111 	jr		nz,WIPE
0000005B 36 02               A      112 	ld		(hl),00002h
0000005D                     A      113 WIPE:
0000005D 2A 00 30            A      114 	ld		hl,(03000h)
00000060 36 49               A      115 	ld		(hl),'I'
                             A      116 
00000062                     A      117 NOSEND:
00000062 E1                  A      118 	pop		hl;
00000063 F1                  A      119 	pop		af
00000064 ED 4D               A      120 	RETI
                             A      121 
                             A      122 
                             A      123 
                             A      124 ;-------------------------------------------------
00000066                     A      125 delay:  ; routine to add a programmable delay (set by value stored in D)
00000066 C5                  A      126 	push bc
00000067                     A      127 loop1:
00000067 06 FF               A      128 	ld b,0ffh
00000069                     A      129 loop2:
00000069 10 FE               A      130 	djnz loop2
Zilog Macro Assembler.  Version K2.14    09-May-120    02:06:27    Page:    5


c:\users\john bradley\dropbox\ace-2019\newrom\ctc.asm

Location Object              Type  Line Source
0000006B 15                  A      131 	dec d
0000006C C2 67 00            A      132 	jp nz, loop1
0000006F C1                  A      133 	pop bc
00000070 C9                  A      134 	ret
                             A      135 
                             A      136 
Zilog Macro Assembler.  Version K2.14    09-May-120    02:06:27    Page:    6


c:\users\john bradley\dropbox\ace-2019\newrom\ctc.asm


    0 Warnings
    0 Errors
