Zilog Macro Assembler.  Version K2.14    03-Jun-122    14:15:42    Page:    1


g:\my drive\ace-2019\testrom\ram.asm

Location Object              Type  Line Source
                             A        1 	INCLUDE "IODEFS.H"
                             B        1 ;	CPU  Z80
                             B        2 
                             B        3 	.IFNDEF RAMSTARTLOC
                             B        4 
                             B        5 	
                             B        6 	DEFINE BOOT;,ALIGN=1; Define a section
                             B        7 	DEFINE IM1INTSEG ;Define a section
                             B        8 	DEFINE NMIIM1INTSEG
                             B        9 	DEFINE CODE;,ALIGN=1
                             B       10 
                             B       11 	DEFINE RST08SEG
                             B       12 	DEFINE RST10SEG
                             B       13 	DEFINE RST18SEG
                             B       14 	DEFINE RST20SEG
                             B       15 	DEFINE RST28SEG
                             B       16 	DEFINE RST30SEG
                             B       17 	DEFINE RST38SEG
                             B       18 
                             B       19 	DEFINE RST66SEG
                             B       20 
                             B       21 
                             B       22 	DEFINE INTTABLE, 	ALIGN=256 ; Define a section
                             B       23 	
                   00004000  B       24 RAMSTARTLOC equ 04000h
                             B       25 
                             B       26 ;Z84C15 equ 1 ;Uncomment when building for Z84C15
                             B       27 
                             B       28 
                             B       29 
                             B       30 	.ifdef Z84C15
                             B       31 
                             B       32 KIOBASE	equ	10h
                             B       33 
                             B       34 CTCIOBASE	equ	00h
                             B       35 SIOIOBASE	equ	18h
                             B       36 PIOIOBASE	equ	1Ch
                             B       37 PIAIOBASE	equ	11B
                             B       38 KIOIOBASE	equ	11B
                             B       39 
                             B       40 PIOPORTADATA	equ	00b
                             B       41 PIOPORTACMD		equ	01b
                             B       42 PIOPORTBDATA	equ	10b
                             B       43 PIOPORTBCMD		equ	11b
                             B       44 
                             B       45 CTCCHANNEL0		equ	00b
                             B       46 CTCCHANNEL1		equ	01b
                             B       47 CTCCHANNEL2		equ	10b
                             B       48 CTCCHANNEL3		equ	11b
                             B       49 
                             B       50 SIOPORTADATA	equ	00b
                             B       51 SIOPORTACMD		equ	01b
                             B       52 SIOPORTBDATA	equ	10b
                             B       53 SIOPORTBCMD		equ	11b
                             B       54 
                             B       55 MAKEPORT	MACRO	Name,Base,Device,Register
                             B       56 Name equ Base|(Device<<2)|(Register)
                             B       57 	ENDMAC 
Zilog Macro Assembler.  Version K2.14    03-Jun-122    14:15:42    Page:    2


IODEFS.H

Location Object              Type  Line Source
                             B       58 
                             B       59 	.else
                   000000FC  B       60 KIOBASE	equ	0FCh
                             B       61 
                   00000000  B       62 PIOIOBASE	equ	00B
                   00000001  B       63 CTCIOBASE	equ	01B
                   00000002  B       64 SIOIOBASE	equ	10B
                   00000003  B       65 PIAIOBASE	equ	11B
                   00000003  B       66 KIOIOBASE	equ	11B
                             B       67 
                   00000000  B       68 PIOPORTADATA	equ	00b
                   00000001  B       69 PIOPORTACMD		equ	01b
                   00000002  B       70 PIOPORTBDATA	equ	10b
                   00000003  B       71 PIOPORTBCMD		equ	11b
                             B       72 
                   00000000  B       73 CTCCHANNEL0		equ	00b
                   00000001  B       74 CTCCHANNEL1		equ	01b
                   00000002  B       75 CTCCHANNEL2		equ	10b
                   00000003  B       76 CTCCHANNEL3		equ	11b
                             B       77 
                   00000000  B       78 SIOPORTADATA	equ	00b
                   00000001  B       79 SIOPORTACMD		equ	01b
                   00000002  B       80 SIOPORTBDATA	equ	10b
                   00000003  B       81 SIOPORTBCMD		equ	11b
                             B       82 
                   00000000  B       83 PIAPORTCDATA	equ	00b
                   00000001  B       84 PIAPORTCCMD		equ	01b
                             B       85 
                   00000002  B       86 KIOCOMMANDA		equ	10b
                   00000003  B       87 KIOCOMMANDB		equ	11b
                             B       88 
                             B       89 MAKEPORT	MACRO	Name,Base,Device,Register
                             B       90 Name equ Base|(Device<<10)|(Register<<8)
                             B       91 	ENDMAC 
                             B       92 
                             B       93 	.endif
                             B       94 
                             B       95 
                             B       96 	MAKEPORT PIOADATA,KIOBASE,PIOIOBASE,PIOPORTADATA
                   000000FC  B+      96 Name equ Base|(Device<<10)|(Register<<8)
                             B       97 	MAKEPORT PIOACMD,KIOBASE,PIOIOBASE,PIOPORTACMD
                   000001FC  B+      97 Name equ Base|(Device<<10)|(Register<<8)
                             B       98 	MAKEPORT PIOBDATA,KIOBASE,PIOIOBASE,PIOPORTBDATA
                   000002FC  B+      98 Name equ Base|(Device<<10)|(Register<<8)
                             B       99 	MAKEPORT PIOBCMD,KIOBASE,PIOIOBASE,PIOPORTBCMD
                   000003FC  B+      99 Name equ Base|(Device<<10)|(Register<<8)
                             B      100 
                             B      101 	MAKEPORT CTCCH0,KIOBASE,CTCIOBASE,CTCCHANNEL0
                   000004FC  B+     101 Name equ Base|(Device<<10)|(Register<<8)
                             B      102 	MAKEPORT CTCCH1,KIOBASE,CTCIOBASE,CTCCHANNEL1
                   000005FC  B+     102 Name equ Base|(Device<<10)|(Register<<8)
                             B      103 	MAKEPORT CTCCH2,KIOBASE,CTCIOBASE,CTCCHANNEL2
                   000006FC  B+     103 Name equ Base|(Device<<10)|(Register<<8)
                             B      104 	MAKEPORT CTCCH3,KIOBASE,CTCIOBASE,CTCCHANNEL3
                   000007FC  B+     104 Name equ Base|(Device<<10)|(Register<<8)
                             B      105 
                             B      106 	MAKEPORT SIOADATA,KIOBASE,SIOIOBASE,SIOPORTADATA
                   000008FC  B+     106 Name equ Base|(Device<<10)|(Register<<8)
Zilog Macro Assembler.  Version K2.14    03-Jun-122    14:15:42    Page:    3


IODEFS.H

Location Object              Type  Line Source
                             B      107 	MAKEPORT SIOACMD,KIOBASE,SIOIOBASE,SIOPORTACMD
                   000009FC  B+     107 Name equ Base|(Device<<10)|(Register<<8)
                             B      108 	MAKEPORT SIOBDATA,KIOBASE,SIOIOBASE,SIOPORTBDATA
                   00000AFC  B+     108 Name equ Base|(Device<<10)|(Register<<8)
                             B      109 	MAKEPORT SIOBCMD,KIOBASE,SIOIOBASE,SIOPORTBCMD
                   00000BFC  B+     109 Name equ Base|(Device<<10)|(Register<<8)
                             B      110 
                             B      111 	.ifdef Z84C15
                             B      112 	.else
                             B      113 	MAKEPORT PIACDATA,KIOBASE,PIAIOBASE,PIAPORTCDATA
                   00000CFC  B+     113 Name equ Base|(Device<<10)|(Register<<8)
                             B      114 	MAKEPORT PIACCMD,KIOBASE,PIAIOBASE,PIAPORTCCMD
                   00000DFC  B+     114 Name equ Base|(Device<<10)|(Register<<8)
                             B      115 
                             B      116 	MAKEPORT KIOCMDA,KIOBASE,KIOIOBASE,KIOCOMMANDA
                   00000EFC  B+     116 Name equ Base|(Device<<10)|(Register<<8)
                             B      117 	MAKEPORT KIOCMDB,KIOBASE,KIOIOBASE,KIOCOMMANDB
                   00000FFC  B+     117 Name equ Base|(Device<<10)|(Register<<8)
                             B      118 	.endif
                             B      119 	
                   000000F0  B      120 WDTMT	equ	0F0h
                   000000F1  B      121 WDTCR	equ	0F1h
                             B      122 
                   000000F4  B      123 IPR		equ	0F4h
                             B      124 
                   000000EE  B      125 SCRP	equ	0EEh
                   000000EF  B      126 SCDP	equ	0EFh
                             B      127 
                   00000020  B      128 SERIALTXBUFFLEN	equ	020h	;must be power of 2
                             B      129 
                             B      130 DEFB MACRO P1
                             B      131 	DB P1
                             B      132 	ENDMAC
                             B      133 
                             B      134 DEFW MACRO P1
                             B      135 	DW P1
                             B      136 	ENDMAC
                             B      137 
                             B      138 DEFM MACRO P1
                             B      139 	DB P1
                             B      140 	ENDMAC
                             B      141 
                             B      142 DOOUT	MACRO	ADDR,VALUE
                             B      143 	push 	AF
                             B      144 	push 	BC
                             B      145 
                             B      146 	ld a,VALUE	; write into WR0: error reset, select WR0
                             B      147 	.ifdef Z84C15
                             B      148 	out (ADDR),A
                             B      149 	.else
                             B      150 	ld BC,ADDR
                             B      151 	out (BC),A
                             B      152 	.endif
                             B      153 
                             B      154 	pop 	BC
                             B      155 	pop 	AF
                             B      156 	
                             B      157 	ENDMAC 
Zilog Macro Assembler.  Version K2.14    03-Jun-122    14:15:42    Page:    4


IODEFS.H

Location Object              Type  Line Source
                             B      158 
                             B      159 DOIN	MACRO	ADDR,DEST
                             B      160 	push 	AF
                             B      161 	push 	BC
                             B      162 
                             B      163 	.ifdef Z84C15
                             B      164 	in a,(ADDR)
                             B      165 	.else
                             B      166 	ld BC,ADDR
                             B      167 	in 	a,(BC)
                             B      168 	.endif
                             B      169 
                             B      170 	ld	DEST,a
                             B      171 	pop BC
                             B      172 	POP	AF
                             B      173 	
                             B      174 	ENDMAC 
                             B      175 
                             B      176 	.endif
                             B      177 
                             A        2 ;;DEUCE VARS
                             A        3 ;	PUBLIC SIOANEXTIN,SIOANEXTOUT,SIOATXBUFF
                             A        4 ;	PUBLIC RAMTOP ;, VIDHOLE
                             A        5 
                             A        6 ;	SEGMENT RAM 
                             A        7 
                             A        8 ;	SIOANEXTIN:		DS	1
                             A        9 ;	SIOANEXTOUT:	DS	1
                             A       10 ;	SIOATXBUFF:		DS	SERIALTXBUFFLEN
                             A       11 
                             A       12 ;	RAMTOP:			DW 	1
                             A       13 
                             A       14 ;	SEGMENT VIDHOLESEG ; MAKE IT THE CURRENT SECTION
                             A       15 ;	.ORG 02000H
                             A       16 ;	VIDHOLE:			DB [0800H] 77H
                             A       17 
                             A       18 
Zilog Macro Assembler.  Version K2.14    03-Jun-122    14:15:42    Page:    5


g:\my drive\ace-2019\testrom\ram.asm


    0 Warnings
    0 Errors
